// Bun Snapshot v1, https://bun.sh/docs/test/snapshots

exports[`Gallery renders three refs with chevron on selected row only and gen/draft badges 1`] = `
"╭──────────────────────────────────────────────────────────────────────────────────────────────────╮
│                                                                                                  │
│ GALLERY                                                                                   focus  │
│                                                                                                  │
│   @1 alpha.png                                                                                   │
│   UPLOAD  IN                                                                                     │
│                                                                                                  │
│ › @2 beta.png                                                                                    │
│   UPLOAD  DRAFT                                                                                  │
│                                                                                                  │
│   @3 gamma.png                                                                                   │
│   UPLOAD  IN                                                                                     │
│                                                                                                  │
│                                                                                                  │
│ SELECTED                                                                                         │
│                                                                                                  │
│ ┌──────────────────────────────┐                                                                 │
│ │…                             │                                                                 │
│ │                              │                                                                 │
│ │                              │                                                                 │
│ │                              │                                                                 │
│ │                              │                                                                 │
│ │                              │                                                                 │
│ │                              │                                                                 │
│ │                              │                                                                 │
│ │                              │                                                                 │
│ │                              │                                                                 │
│ │                              │                                                                 │
│ │                              │                                                                 │
│ └──────────────────────────────┘                                                                 │
│                                                                                                  │
╰──────────────────────────────────────────────────────────────────────────────────────────────────╯"
`;
